// Jest Snapshot v1, https://goo.gl/fbAQLP

exports[`Popovercomponent: default 1`] = `<div />`;
