// Jest Snapshot v1, https://goo.gl/fbAQLP

exports[`Envicons: default 1`] = `
<div
  className="default"
/>
`;
