// Jest Snapshot v1, https://goo.gl/fbAQLP

exports[`Buildtable: default 1`] = `
<div>
  Invalid Data
</div>
`;
