// Jest Snapshot v1, https://goo.gl/fbAQLP

exports[`Debuggertable: default 1`] = `
<div>
  No Data to display
</div>
`;
