// Jest Snapshot v1, https://goo.gl/fbAQLP

exports[`Postform: default 1`] = `
<div
  className="post_container"
>
  <h2
    className="post_heading"
  >
    Create Post
  </h2>
  <form
    className="form"
    onSubmit={[Function]}
  >
    <input
      className="form-control"
      placeholder="Enter Post Title"
      required={true}
      type="text"
    />
    <textarea
      className="form-control"
      cols="28"
      placeholder="Enter Post"
      required={true}
      rows="5"
    />
    <button>
      Post
    </button>
  </form>
</div>
`;
