// Jest Snapshot v1, https://goo.gl/fbAQLP

exports[`Barchart: default 1`] = `<div />`;
