// Jest Snapshot v1, https://goo.gl/fbAQLP

exports[`Automationlogstable: default 1`] = `
<div>
  Invalid Data
</div>
`;
